MemTotal:         948056 kB
MemFree:          229808 kB
MemAvailable:     717900 kB
Buffers:           17252 kB
Cached:           568968 kB
SwapCached:          408 kB
Active:           441440 kB
Inactive:         237736 kB
Active(anon):       1544 kB
Inactive(anon):   174512 kB
Active(file):     439896 kB
Inactive(file):    63224 kB
Unevictable:           0 kB
Mlocked:               0 kB
SwapTotal:        102396 kB
SwapFree:             72 kB
Dirty:               636 kB
Writeback:             0 kB
AnonPages:         92516 kB
Mapped:           105524 kB
Shmem:             83132 kB
Slab:              22216 kB
SReclaimable:      10904 kB
SUnreclaim:        11312 kB
KernelStack:        1624 kB
PageTables:         3756 kB
NFS_Unstable:          0 kB
Bounce:                0 kB
WritebackTmp:          0 kB
CommitLimit:      576424 kB
Committed_AS:    1055412 kB
VmallocTotal:    1105920 kB
VmallocUsed:        4236 kB
VmallocChunk:     849988 kB
CmaTotal:           8192 kB
CmaFree:            3328 kB
