MemTotal:         948060 kB
MemFree:          231024 kB
MemAvailable:     813412 kB
Buffers:           21284 kB
Cached:           585424 kB
SwapCached:            0 kB
Active:           455556 kB
Inactive:         228568 kB
Active(anon):      12636 kB
Inactive(anon):    72860 kB
Active(file):     442920 kB
Inactive(file):   155708 kB
Unevictable:           0 kB
Mlocked:               0 kB
SwapTotal:        102396 kB
SwapFree:         102340 kB
Dirty:               684 kB
Writeback:             0 kB
AnonPages:         77528 kB
Mapped:            35244 kB
Shmem:              7968 kB
Slab:              17564 kB
SReclaimable:       8476 kB
SUnreclaim:         9088 kB
KernelStack:        1376 kB
PageTables:         2572 kB
NFS_Unstable:          0 kB
Bounce:                0 kB
WritebackTmp:          0 kB
CommitLimit:      576424 kB
Committed_AS:     681540 kB
VmallocTotal:    1105920 kB
VmallocUsed:        4228 kB
VmallocChunk:     860716 kB
CmaTotal:           8192 kB
CmaFree:            3668 kB
